#
# Copyright 2007-2016, Kaazing Corporation. All rights reserved.
#
# Licensed under the Apache License, Version 2.0 (the "License");
# you may not use this file except in compliance with the License.
# You may obtain a copy of the License at
#
# http://www.apache.org/licenses/LICENSE-2.0
#
# Unless required by applicable law or agreed to in writing, software
# distributed under the License is distributed on an "AS IS" BASIS,
# WITHOUT WARRANTIES OR CONDITIONS OF ANY KIND, either express or implied.
# See the License for the specific language governing permissions and
# limitations under the License.
#

# Autobahn test case 5.8

# Case Description
# Send text Message fragmented into 2 fragments, one ping with payload in-between. Octets are sent in octet-wise chops.

# Case Expectation
# A pong is received, then the message is echo'ed back to us.

connect tcp://localhost:8555
connected

write "GET /echo HTTP/1.1\r\n"
write "User-Agent: AutobahnTestSuite/0.6.1-0.8.8\r\n"
write "Host: localhost:8555\r\n"
write "Upgrade: WebSocket\r\n"
write "Connection: Upgrade\r\n"
write "Pragma: no-cache\r\n"
write "Cache-Control: no-cache\r\n"
write "Sec-WebSocket-Key: mzBzONiwC+6MXQCrxMcxqw==\r\n"
write "Sec-WebSocket-Version: 13\r\n"
write "\r\n"

read "HTTP/1.1 101 Web Socket Protocol Handshake\r\n"
read "Connection: Upgrade\r\n"
read /Date: .*\r\n/
read "Sec-WebSocket-Accept: p/BQHl0/qzM5wscf/pODiwiSAR8=\r\n"
read "Server: Kaazing Gateway\r\n"
read "Upgrade: WebSocket\r\n"
read "\r\n"

# Websocket text fragment 1 in octet wise chops
write [0x01]
write [0x89]
write [0xe0]
write [0xde]
write [0x94]
write [0xf8]
write [0x86]
write [0xac]
write [0xf5]
write [0x9f]
write [0x8d]
write [0xbb]
write [0xfa]
write [0x8c]
write [0xd1]

# Websocket ping with payload
write [0x89 0x8c 0x15 0x92 0x07 0x10 0x65 0xfb 0x69 0x77 0x35 0xe2 0x66 0x69 0x79 0xfd 0x66 0x74]

# fragment 2
write [0x80]
write [0x89]
write [0x9c]
write [0xa1]
write [0xf5]
write [0x97]
write [0xfa]
write [0xd3]
write [0x94]
write [0xf0]
write [0xf1]
write [0xc4]
write [0x9b]
write [0xe3]
write [0xae]

# read text fragment 1
read [0x01 0x09 0x66 0x72 0x61 0x67 0x6d 0x65 0x6e 0x74 0x31]

# Websocket pong with payload
read [0x8a 0x0c 0x70 0x69 0x6e 0x67 0x20 0x70 0x61 0x79 0x6c 0x6f 0x61 0x64]

# read text fragment 2
read [0x80 0x09 0x66 0x72 0x61 0x67 0x6d 0x65 0x6e 0x74 0x32]

# Websocket close with normal closure
write [0x88 0x82 0x3f 0x97 0x10 0xae 0x3c 0x7f]
read [0x88 0x02 0x03 0xe8]

close
closed