#
# Copyright 2007-2016, Kaazing Corporation. All rights reserved.
#
# Licensed under the Apache License, Version 2.0 (the "License");
# you may not use this file except in compliance with the License.
# You may obtain a copy of the License at
#
# http://www.apache.org/licenses/LICENSE-2.0
#
# Unless required by applicable law or agreed to in writing, software
# distributed under the License is distributed on an "AS IS" BASIS,
# WITHOUT WARRANTIES OR CONDITIONS OF ANY KIND, either express or implied.
# See the License for the specific language governing permissions and
# limitations under the License.
#

#
# create request
#
connect "http://localhost:8000/echo/;e/ctem?.kn=4125153693145155"
connected

write http:method "GET"
write http:version "HTTP/1.1"
write http:host
write http:header "x-origin" "http://localhost:8000"
write http:header "x-sequence-no" "0"
write http:header "Content-Type" "text/plain; charset=utf-8"
write http:header "x-accept-commands" "ping"
write http:header "x-websocket-version" "wseb-1.0"
write close

read http:status "200" /.+/
read http:version "HTTP/1.1"

read "HTTP/1.1 201 Created\r\n"
read "Content-Type: text/plain;charset=UTF-8\r\n"
read "\r\n"
#read /(?<upstream>http:\/\/localhost:8000\/echo\/.+)\n/
#read /(?<downstream>http:\/\/localhost:8000\/echo\/.+)\n/
read "http://localhost:8000" /(?<upstreamId>.*)\n/
read "http://localhost:8000" /(?<downstreamId>.*)\n/

read notify CREATED
read closed

# Downstream
connect await CREATED
#        ${downstream}
        ${wse:append("http://localhost:8000", downstreamId)}
connected

write http:parameter ".ksn" "1"
write http:parameter ".kns" "1"
write http:parameter ".kf" "200"
write http:parameter ".kp" "2048"
write http:parameter ".kc" "text/plain;charset=windows-1252"
write http:parameter ".kb" "4096"
write http:parameter ".kid" "6104149433168159"
write http:parameter ".kac" "ex"
write http:parameter ".kct" "application/x-message-http"
write http:method "POST"
write http:version "HTTP/1.1"
write http:host
write http:content-length

write "GET " ${downstreamId} "?.ksn=1&.kns=1&.kf=200&.kp=2048&.kc=text/plain;charset=windows-1252&.kb=4096&.kid=6104149433168159&.kac=ex HTTP/1.1\r\n"
write "Content-Type: text/plain; charset=windows-1252\r\n"
write "\r\n"
write close

read http:status "200" /.+/
#read http:header "Connection" "close"

read "HTTP/1.1 200 OK"
