#
# Copyright 2007-2016, Kaazing Corporation. All rights reserved.
#
# Licensed under the Apache License, Version 2.0 (the "License");
# you may not use this file except in compliance with the License.
# You may obtain a copy of the License at
#
# http://www.apache.org/licenses/LICENSE-2.0
#
# Unless required by applicable law or agreed to in writing, software
# distributed under the License is distributed on an "AS IS" BASIS,
# WITHOUT WARRANTIES OR CONDITIONS OF ANY KIND, either express or implied.
# See the License for the specific language governing permissions and
# limitations under the License.
#

# Long Polling test - Note that gateway sends Content-Length on the downstream responses
# Long Polling is triggered by intermediary (like proxy) with "X-Kaazing-Proxy-Buffering: on" header

connect tcp://localhost:8001
connected

write "GET /echo/;e/ct HTTP/1.1\r\n"
write "Host: localhost:8001\r\n"
write "Connection: keep-alive\r\n"
write "X-Kaazing-Proxy-Buffering: on\r\n"
write "X-Origin: http://localhost:8001\r\n"
write "X-WebSocket-Version: wseb-1.0\r\n"
write "User-Agent: Mozilla/5.0 (Macintosh; Intel Mac OS X 10_7_5) AppleWebKit/537.36 (KHTML, like Gecko) Chrome/33.0.1750.152 Safari/537.36\r\n"
write "Accept: */*\r\n"
write "Referer: http://localhost:8001/?.kr=xs\r\n"
write "Accept-Encoding: gzip,deflate,sdch\r\n"
write "Accept-Language: en-US,en;q=0.8\r\n"
write "X-Sequence-No: 100\r\n"
write "\r\n"


read "HTTP/1.1 200 OK\r\n"
read "Cache-Control: no-cache\r\n"
read /Content-Length: .*/ "\r\n"
read /Content-Type: .*/ "\r\n"
read /Date: .*/ "\r\n"
read "Server: Kaazing Gateway\r\n"
read "\r\n"
read "HTTP/1.1 201 Created\r\n"
read /Content-Type: .*/ "\r\n"
read "\r\n"

#http://localhost:8001/echo/;e/ut/BXfkXWR20OzrDhTUyZvHrnopbk8jqEiR
#http://localhost:8001/echo/;e/dt/BXfkXWR20OzrDhTUyZvHrnopbk8jqEiR

read "http://localhost:8001/echo/;e/ut/"
read [(:sessionId){32}]
read "\n"
read "http://localhost:8001/echo/;e/dt/"
read [(:sessionId){32}]
read "\n"

read notify UPSTREAM

# ========= Downstream 1 in the same connection ==========

write "GET /echo/;e/dt/"
write ${sessionId}
write " HTTP/1.1\r\n"
write "X-Kaazing-Proxy-Buffering: on\r\n"
write "Host: localhost:8001\r\n"
write "User-Agent: Mozilla/5.0 (Macintosh; Intel Mac OS X 10_7_5) AppleWebKit/537.36 (KHTML, like Gecko) Chrome/33.0.1750.152 Safari/537.36\r\n"
write "Accept: text/html,application/xhtml+xml,application/xml;q=0.9,*/*;q=0.8\r\n"
write "Accept-Language: en-US,en;q=0.5\r\n"
write "Accept-Encoding: gzip, deflate\r\n"
write "X-Origin: http://localhost:8001\r\n"
write "Content-Type: application/octet-stream\r\n"
write "Referer: http://localhost:8001/?.kr=xs\r\n"
write "Connection: keep-alive\r\n"
write "X-Sequence-No: 101\r\n"
write "\r\n"

read "HTTP/1.1 200 OK\r\n"
read "Cache-Control: no-cache\r\n"
read /Content-Length: .*/ "\r\n"
read /Content-Type: .*/ "\r\n"
read /Date: .*/ "\r\n"
read "Server: Kaazing Gateway\r\n"
read "X-Content-Type-Options: nosniff\r\n"
read "\r\n"
read "HTTP/1.1 200 OK\r\n"
read /Content-Type: .*/ "\r\n"
read "X-Idle-Timeout: 60\r\n"
read "\r\n"
read [0x80 0x11]
read "Hello, WebSocket1"
read [0x01 0x30 0x31 0xff]

read notify UPSTREAMNEXT

# ========= Downstream 2 in the same connection ==========

write "GET /echo/;e/dt/"
write ${sessionId}
write " HTTP/1.1\r\n"
write "X-Kaazing-Proxy-Buffering: on\r\n"
write "Host: localhost:8001\r\n"
write "User-Agent: Mozilla/5.0 (Macintosh; Intel Mac OS X 10_7_5) AppleWebKit/537.36 (KHTML, like Gecko) Chrome/33.0.1750.152 Safari/537.36\r\n"
write "Accept: text/html,application/xhtml+xml,application/xml;q=0.9,*/*;q=0.8\r\n"
write "Accept-Language: en-US,en;q=0.5\r\n"
write "Accept-Encoding: gzip, deflate\r\n"
write "X-Origin: http://localhost:8001\r\n"
write "Content-Type: application/octet-stream\r\n"
write "Referer: http://localhost:8001/?.kr=xs\r\n"
write "Connection: keep-alive\r\n"
write "X-Sequence-No: 102\r\n"
write "\r\n"

read "HTTP/1.1 200 OK\r\n"
read "Cache-Control: no-cache\r\n"
read /Content-Length: .*/ "\r\n"
read /Content-Type: .*/ "\r\n"
read /Date: .*/ "\r\n"
read "Server: Kaazing Gateway\r\n"
read "X-Content-Type-Options: nosniff\r\n"
read "\r\n"
read "HTTP/1.1 200 OK\r\n"
read /Content-Type: .*/ "\r\n"
read "X-Idle-Timeout: 60\r\n"
read "\r\n"
read [0x80 0x11]
read "Hello, WebSocket2"
read [0x01 0x30 0x31 0xff]

close
closed



# ======= upstream 1 =======


connect tcp://localhost:8001
connected

write await UPSTREAM

write "POST /echo/;e/ut/"
write ${sessionId}
write " HTTP/1.1\r\n"
write "X-Kaazing-Proxy-Buffering: on\r\n"
write "Host: localhost:8001\r\n"
write "Connection: keep-alive\r\n"
write "Content-Length: 25\r\n"
write "Origin: http://localhost:8001\r\n"
write "X-Origin: http://localhost:8001\r\n"
write "User-Agent: Mozilla/5.0 (Macintosh; Intel Mac OS X 10_10_1) AppleWebKit/537.36 (KHTML, like Gecko) Chrome/39.0.2171.71 Safari/537.36\r\n"
write "Content-Type: text/plain; charset=UTF-8\r\n"
write "Accept: */*\r\n"
write "Referer: http://localhost:8001/?.kr=xs\r\n"
write "Accept-Encoding: gzip, deflate\r\n"
write "Accept-Language: en-US,en;q=0.8\r\n"
write "X-Sequence-No: 101\r\n"
write "\r\n"
write [0xc2 0x81 0x11]
write "Hello, WebSocket1"
write [0x01 0x30 0x31 0xc3 0xbf]    # wse.reconnect

read "HTTP/1.1 200 OK\r\n"
read /Content-Length: .*/ "\r\n"
read "Content-Type: text/plain;charset=UTF-8\r\n"
read /Date: .*/ "\r\n"
read "Server: Kaazing Gateway\r\n"
read "\r\n"
read "HTTP/1.1 200 OK\r\n"
read "\r\n"

close
closed


# ======= upstream 2 ===========

connect tcp://localhost:8001
connected

write await UPSTREAMNEXT

write "POST /echo/;e/ut/"
write ${sessionId}
write " HTTP/1.1\r\n"
write "X-Kaazing-Proxy-Buffering: on\r\n"
write "Host: localhost:8001\r\n"
write "Connection: keep-alive\r\n"
write "Content-Length: 25\r\n"
write "Origin: http://localhost:8001\r\n"
write "X-Origin: http://localhost:8001\r\n"
write "User-Agent: Mozilla/5.0 (Macintosh; Intel Mac OS X 10_10_1) AppleWebKit/537.36 (KHTML, like Gecko) Chrome/39.0.2171.71 Safari/537.36\r\n"
write "Content-Type: text/plain; charset=UTF-8\r\n"
write "Accept: */*\r\n"
write "Referer: http://localhost:8001/?.kr=xs\r\n"
write "Accept-Encoding: gzip, deflate\r\n"
write "Accept-Language: en-US,en;q=0.8\r\n"
write "X-Sequence-No: 102\r\n"
write "\r\n"
write [0xc2 0x81 0x11]
write "Hello, WebSocket2"
write [0x01 0x30 0x31 0xc3 0xbf]    # wse.reconnect

read "HTTP/1.1 200 OK\r\n"
read /Content-Length: .*/ "\r\n"
read /Content-Type: .*/ "\r\n"
read /Date: .*/ "\r\n"
read "Server: Kaazing Gateway\r\n"
read "\r\n"
read "HTTP/1.1 200 OK\r\n"
read "\r\n"

close
closed
