#
# Copyright 2007-2016, Kaazing Corporation. All rights reserved.
#
# Licensed under the Apache License, Version 2.0 (the "License");
# you may not use this file except in compliance with the License.
# You may obtain a copy of the License at
#
# http://www.apache.org/licenses/LICENSE-2.0
#
# Unless required by applicable law or agreed to in writing, software
# distributed under the License is distributed on an "AS IS" BASIS,
# WITHOUT WARRANTIES OR CONDITIONS OF ANY KIND, either express or implied.
# See the License for the specific language governing permissions and
# limitations under the License.
#

# Autobahn test case 2.11

# Case Description
# Send 10 Pings with payload. Send out octets in octet-wise chops.

# Case Expectation
# Pongs for our Pings with all the payloads. Note: This is not required by the Spec .. but we check for this behaviour anyway. Clean close with normal code.

connect tcp://localhost:8555
connected

write "GET /echo HTTP/1.1\r\n"
write "User-Agent: AutobahnTestSuite/0.6.1-0.8.8\r\n"
write "Host: localhost:8555\r\n"
write "Upgrade: WebSocket\r\n"
write "Connection: Upgrade\r\n"
write "Pragma: no-cache\r\n"
write "Cache-Control: no-cache\r\n"
write "Sec-WebSocket-Key: kSU66bc2l5Z9m6ToxPl2IA==\r\n"
write "Sec-WebSocket-Version: 13\r\n"
write "\r\n"

read "HTTP/1.1 101 Web Socket Protocol Handshake\r\n"
read "Connection: Upgrade\r\n"
read /Date: .*\r\n/
read "Sec-WebSocket-Accept: kTUw67YjF3YDvRb6wxo9c3kFq08=\r\n"
read "Server: Kaazing Gateway\r\n"
read "Upgrade: WebSocket\r\n"
read "\r\n"

# Ten pairs of Websocket pings and pongs with payload
write [0x89]
write [0x89]
write [0x3b]
write [0x00]
write [0x93]
write [0xe3]
write [0x4b]
write [0x61]
write [0xea]
write [0x8f]
write [0x54]
write [0x61]
write [0xf7]
write [0xce]
write [0x0b]
read [0x8a 0x09 0x70 0x61 0x79 0x6c 0x6f 0x61 0x64 0x2d 0x30]
write [0x89]
write [0x89]
write [0x39]
write [0x0a]
write [0xa8]
write [0xc9]
write [0x49]
write [0x6b]
write [0xd1]
write [0xa5]
write [0x56]
write [0x6b]
write [0xcc]
write [0xe4]
write [0x08]
read [0x8a 0x09 0x70 0x61 0x79 0x6c 0x6f 0x61 0x64 0x2d 0x31]
write [0x89]
write [0x89]
write [0x26]
write [0x52]
write [0x02]
write [0x7c]
write [0x56]
write [0x33]
write [0x7b]
write [0x10]
write [0x49]
write [0x33]
write [0x66]
write [0x51]
write [0x14]
read [0x8a 0x09 0x70 0x61 0x79 0x6c 0x6f 0x61 0x64 0x2d 0x32]
write [0x89]
write [0x89]
write [0xaa]
write [0x52]
write [0x7c]
write [0xfc]
write [0xda]
write [0x33]
write [0x05]
write [0x90]
write [0xc5]
write [0x33]
write [0x18]
write [0xd1]
write [0x99]
read [0x8a 0x09 0x70 0x61 0x79 0x6c 0x6f 0x61 0x64 0x2d 0x33]
write [0x89]
write [0x89]
write [0xf7]
write [0xec]
write [0xb1]
write [0x85]
write [0x87]
write [0x8d]
write [0xc8]
write [0xe9]
write [0x98]
write [0x8d]
write [0xd5]
write [0xa8]
write [0xc3]
read [0x8a 0x09 0x70 0x61 0x79 0x6c 0x6f 0x61 0x64 0x2d 0x34]
write [0x89]
write [0x89]
write [0x1e]
write [0x74]
write [0x1e]
write [0x6a]
write [0x6e]
write [0x15]
write [0x67]
write [0x06]
write [0x71]
write [0x15]
write [0x7a]
write [0x47]
write [0x2b]
read [0x8a 0x09 0x70 0x61 0x79 0x6c 0x6f 0x61 0x64 0x2d 0x35]
write [0x89]
write [0x89]
write [0x46]
write [0x25]
write [0x38]
write [0xf0]
write [0x36]
write [0x44]
write [0x41]
write [0x9c]
write [0x29]
write [0x44]
write [0x5c]
write [0xdd]
write [0x70]
read [0x8a 0x09 0x70 0x61 0x79 0x6c 0x6f 0x61 0x64 0x2d 0x36]
write [0x89]
write [0x89]
write [0x20]
write [0xf9]
write [0x10]
write [0xaa]
write [0x50]
write [0x98]
write [0x69]
write [0xc6]
write [0x4f]
write [0x98]
write [0x74]
write [0x87]
write [0x17]
read [0x8a 0x09 0x70 0x61 0x79 0x6c 0x6f 0x61 0x64 0x2d 0x37]
write [0x89]
write [0x89]
write [0xa0]
write [0x8d]
write [0xc4]
write [0x64]
write [0xd0]
write [0xec]
write [0xbd]
write [0x08]
write [0xcf]
write [0xec]
write [0xa0]
write [0x49]
write [0x98]
read [0x8a 0x09 0x70 0x61 0x79 0x6c 0x6f 0x61 0x64 0x2d 0x38]
write [0x89]
write [0x89]
write [0x7e]
write [0xc5]
write [0xe9]
write [0x11]
write [0x0e]
write [0xa4]
write [0x90]
write [0x7d]
write [0x11]
write [0xa4]
write [0x8d]
write [0x3c]
write [0x47]
read [0x8a 0x09 0x70 0x61 0x79 0x6c 0x6f 0x61 0x64 0x2d 0x39]

# Websocket close with normal closure
write [0x88 0x82 0xe1 0xfe 0x15 0xe4 0xe2 0x16]
read [0x88 0x02 0x03 0xe8]

close
closed