#
# Copyright 2007-2016, Kaazing Corporation. All rights reserved.
#
# Licensed under the Apache License, Version 2.0 (the "License");
# you may not use this file except in compliance with the License.
# You may obtain a copy of the License at
#
# http://www.apache.org/licenses/LICENSE-2.0
#
# Unless required by applicable law or agreed to in writing, software
# distributed under the License is distributed on an "AS IS" BASIS,
# WITHOUT WARRANTIES OR CONDITIONS OF ANY KIND, either express or implied.
# See the License for the specific language governing permissions and
# limitations under the License.
#

# Autobahn test case 2.10

# Case Description
# Send 10 Pings with payload.

# Case Expectation
# Pongs for our Pings with all the payloads. Note: This is not required by the Spec .. but we check for this behaviour anyway. Clean close with normal code.

connect tcp://localhost:8555
connected

write "GET /echo HTTP/1.1\r\n"
write "User-Agent: AutobahnTestSuite/0.6.1-0.8.8\r\n"
write "Host: localhost:8555\r\n"
write "Upgrade: WebSocket\r\n"
write "Connection: Upgrade\r\n"
write "Pragma: no-cache\r\n"
write "Cache-Control: no-cache\r\n"
write "Sec-WebSocket-Key: c2M+QBZyKchzD3k+BdPxcw==\r\n"
write "Sec-WebSocket-Version: 13\r\n"
write "\r\n"

read "HTTP/1.1 101 Web Socket Protocol Handshake\r\n"
read "Connection: Upgrade\r\n"
read /Date: .*\r\n/
read "Sec-WebSocket-Accept: 8AsSiPW69Ws5DmXgXcWe0YcnWAM=\r\n"
read "Server: Kaazing Gateway\r\n"
read "Upgrade: WebSocket\r\n"
read "\r\n"

# Ten Websocket pings with payloads
write [0x89 0x89 0xff 0xba 0xdc 0xc5 0x8f 0xdb 0xa5 0xa9 0x90 0xdb 0xb8 0xe8 0xcf 0x89]
write [0x89 0x29 0x36 0x3f 0x91 0x59 0x57 0x46 0xfd 0x46 0x57 0x5b 0xbc 0x18 0x89 0x89]
write [0xb1 0xf5 0x02 0x53 0xc1 0x94 0x7b 0x3f 0xde 0x94 0x66 0x7e 0x83 0x89 0x89 0x5d]
write [0x29 0x1b 0xb2 0x2d 0x48 0x62 0xde 0x32 0x48 0x7f 0x9f 0x6e 0x89 0x89 0x2d 0xb4]
write [0x56 0x32 0x5d 0xd5 0x2f 0x5e 0x42 0xd5 0x32 0x1f 0x19 0x89 0x89 0x82 0x05 0xc4]
write [0xb1 0xf2 0x64 0xbd 0xdd 0xed 0x64 0xa0 0x9c 0xb7 0x89 0x89 0x34 0x86 0xe5 0x76]
write [0x44 0xe7 0x9c 0x1a 0x5b 0xe7 0x81 0x5b 0x02 0x89 0x89 0x6e 0x2a 0x2a 0x25 0x1e]
write [0x4b 0x53 0x49 0x01 0x4b 0x4e 0x08 0x59 0x89 0x89 0xb4 0x71 0x18 0xc8 0xc4 0x10]
write [0x61 0xa4 0xdb 0x10 0x7c 0xe5 0x8c 0x89 0x89 0x14 0xcb 0x3e 0x40 0x64 0xaa 0x47]
write [0x2c 0x7b 0xaa 0x5a 0x6d 0x2d]

# Ten websocket pongs with payloads
read [0x8a 0x09 0x70 0x61 0x79 0x6c 0x6f 0x61 0x64 0x2d 0x30]
read [0x8a 0x09 0x70 0x61 0x79 0x6c 0x6f 0x61 0x64 0x2d 0x31]
read [0x8a 0x09 0x70 0x61 0x79 0x6c 0x6f 0x61 0x64 0x2d 0x32]
read [0x8a 0x09 0x70 0x61 0x79 0x6c 0x6f 0x61 0x64 0x2d 0x33]
read [0x8a 0x09 0x70 0x61 0x79 0x6c 0x6f 0x61 0x64 0x2d 0x34]
read [0x8a 0x09 0x70 0x61 0x79 0x6c 0x6f 0x61 0x64 0x2d 0x35]
read [0x8a 0x09 0x70 0x61 0x79 0x6c 0x6f 0x61 0x64 0x2d 0x36]
read [0x8a 0x09 0x70 0x61 0x79 0x6c 0x6f 0x61 0x64 0x2d 0x37]
read [0x8a 0x09 0x70 0x61 0x79 0x6c 0x6f 0x61 0x64 0x2d 0x38]
read [0x8a 0x09 0x70 0x61 0x79 0x6c 0x6f 0x61 0x64 0x2d 0x39]
    
# Websocket close with normal closure    
write [0x88 0x82 0x95 0x95 0xd5 0x36 0x96 0x7d]
read [0x88 0x02 0x03 0xe8]

close
closed