#
# Copyright 2007-2016, Kaazing Corporation. All rights reserved.
#
# Licensed under the Apache License, Version 2.0 (the "License");
# you may not use this file except in compliance with the License.
# You may obtain a copy of the License at
#
# http://www.apache.org/licenses/LICENSE-2.0
#
# Unless required by applicable law or agreed to in writing, software
# distributed under the License is distributed on an "AS IS" BASIS,
# WITHOUT WARRANTIES OR CONDITIONS OF ANY KIND, either express or implied.
# See the License for the specific language governing permissions and
# limitations under the License.
#

##################################################################################################
## This script reflects Kaazing 4.0 JavaScript client (WebSocket RFC-6455 with Kaazing extensions)
##################################################################################################
# Created from: http://jira.kaazing.wan/secure/attachmentzip/unzip/33558/18106%5B4%5D/snapshot_wiresharks_and_logs/ie11NativeBasicAuth.pcapng
## Scenario is: connect with Basic auth (extended handshake), send a message, expect to receive the text "OK"

connect tcp://127.0.0.1:8001
connected

write "GET /subject?.kl=Y HTTP/1.1\r\n"
write "Origin: http://localhost:8001\r\n"
write "Sec-WebSocket-Protocol: x-kaazing-handshake,x-kaazing-bump\r\n"
write "Sec-WebSocket-Key: kyPSBSZ0h7E6zO+cgpTS9Q==\r\n"
write "Connection: Upgrade\r\n"
write "Upgrade: Websocket\r\n"
write "Sec-WebSocket-Version: 13\r\n"
write "User-Agent: Mozilla/5.0 (Windows NT 6.1; WOW64; Trident/7.0; rv:11.0) like Gecko\r\n"
write "Host: localhost:8001\r\n"
write "DNT: 1\r\n"
write "Cache-Control: no-cache\r\n"
write "Authorization: Basic am9lOndlbGNvbWU=\r\n"
write "\r\n"

read "HTTP/1.1 101 Web Socket Protocol Handshake\r\n"
read "Connection: Upgrade\r\n"
read /Date: .*\r\n/
read /Sec-WebSocket-Accept: .*\r\n/
read "Sec-WebSocket-Protocol: x-kaazing-handshake\r\n"
read "Server: Kaazing Gateway\r\n"
read "Upgrade: websocket\r\n"
read "\r\n"

read [0x82 0x04 0xef 0x83 0xbf 0x4e]

# Masked enveloped GET
#                                                      1     2     3      4      1     2     3    4     1    2    3    4
#                  len   gth     m     a     s     k   G     E     T    0x20    /     s     u    b     j    e    c    t
write [0x81 0xfe 0x00 0xb7 0xf6 0xc2 0xea 0x96 0xb1 0x87 0xbe 0xb6 0xd9 0xb1 0x9f 0xf4 0x9c 0xa7 0x89 0xe2]
write [0xd6 0x8a 0xbe 0xc2 0xa6]
write [0xed 0xdb 0xb8 0xc7 0xcf 0xe0 0xc1 0x93 0xa0 0xb9 0xf9 0x95 0xa9 0x8f 0xe2 0xdb 0x92 0x98 0xf9 0x82 0xad]
write [0x89 0xf9 0x9a 0xf8 0xca 0x9b 0xfc 0x91 0x8f 0xf5 0xdb 0x95 0x8f 0xf4 0xa5 0xad 0x89 0xfd 0x93 0xb6 0xc7]
write [0xc6 0x84 0xad 0x9e 0xf9 0x95 0xad 0x86 0xac 0xd6 0xba 0xc7 0xfd 0x97 0xa3 0x90 0xff 0x98 0xa5 0xc7 0xf4]
write [0x83 0xaf 0x9a 0x9b 0xfc 0x91 0x8f 0xf5 0xdb 0x95 0x8f 0xf4 0xa5 0xad 0x89 0xfd 0x93 0xb6 0xc7 0xd3 0x8e]
write [0xb6 0x8f 0xf8 0x85 0xab 0x85 0xf8 0x85 0xf8 0xca 0xee 0xdb 0xa9 0x8b 0xf7 0x8c 0xab 0x84 0xf1 0xdb 0xab]
write [0x8e 0xfa 0x93 0xef 0x9e 0xff 0x9b 0xa7 0x85 0xe3 0x82 0xee 0x92 0xbb 0x9d 0xa3 0x8b 0xec 0x9f 0xac 0x8d]
write [0xbb 0x86 0xab 0x84 0xf1 0xdb 0xb2 0x85 0xf8 0x91 0xee 0x92 0xbb 0x9d 0xa3 0x8b 0xec 0x9f 0xac 0x8d 0xbb]
write [0x9e 0xb6 0x9e 0xe6 0xdb 0xb0 0x8f 0xe0 0x97 0xae 0x83 0xf2 0x97 0xb6 0x8f 0x9b 0xfc 0xcf 0xe0]

# Enveloped HTTP response
read [0x82 0x7e 0x01 0x02]
read "HTTP/1.1 101 Web Socket Protocol Handshake\r\n"
read "Connection: Upgrade\r\n"
read /Date: .*\r\n/
read /Sec-WebSocket-Accept: .*\r\n/
read "Sec-WebSocket-Extensions: x-kaazing-ping-pong; 01010102\r\n"
read "Server: Kaazing Gateway\r\n"
read "Upgrade: websocket\r\n"
read "\r\n"

read [0x82 0x00]

read [0x82 0x04 0xef 0x83 0xbf 0x4e]

# Masked message "Hi"
write [0x81 0x82 0x00 0x00 0x00 0x00 0x48 0x69]

# Expect response OK indicating the subject was found on the WsnSession
read [0x82 0x02 0x4f 0x4b]

# Request WS Connection Close
write [0x88 0x80 0x3a 0x66 0xe0 0x65]

# Response WS Connection Close
read [0x88 0x00]

closed


