#
# Copyright 2007-2016, Kaazing Corporation. All rights reserved.
#
# Licensed under the Apache License, Version 2.0 (the "License");
# you may not use this file except in compliance with the License.
# You may obtain a copy of the License at
#
# http://www.apache.org/licenses/LICENSE-2.0
#
# Unless required by applicable law or agreed to in writing, software
# distributed under the License is distributed on an "AS IS" BASIS,
# WITHOUT WARRANTIES OR CONDITIONS OF ANY KIND, either express or implied.
# See the License for the specific language governing permissions and
# limitations under the License.
#

#
# client
#

connect tcp://localhost:8110
connected

write "GET / HTTP/1.1\r\n"
write "Host: localhost:8110\r\n"
write "Cache-Control: max-age=0\r\n"
write "Accept: text/html,application/xhtml+xml,application/xml;q=0.9,image/webp,*/*;q=0.8\r\n"
write "User-Agent: Mozilla/5.0 (Macintosh; Intel Mac OS X 10_10_2) AppleWebKit/537.36 (KHTML, like Gecko) Chrome/40.0.2214.94 Safari/537.36\r\n"
write "Accept-Encoding: gzip, deflate, sdch\r\n"
write "Accept-Language: en-US,en;q=0.8\r\n"
write "\r\n"

read "HTTP/1.1 200 OK\r\n"
read "Content-Type: text/html;charset=UTF-8\r\n"
read /Date: .*/ "\r\n"
read "Server: Apache-Coyote/1.1\r\n"
read "Transfer-Encoding: chunked\r\n"
read "\r\n"
read "14\r\n"
read "<html>Helloo1</html>\r\n"
read "0\r\n"
read "\r\n"

write "GET / HTTP/1.1\r\n"
write "Host: localhost:8110\r\n"
write "Cache-Control: max-age=0\r\n"
write "Accept: text/html,application/xhtml+xml,application/xml;q=0.9,image/webp,*/*;q=0.8\r\n"
write "User-Agent: Mozilla/5.0 (Macintosh; Intel Mac OS X 10_10_2) AppleWebKit/537.36 (KHTML, like Gecko) Chrome/40.0.2214.94 Safari/537.36\r\n"
write "Accept-Encoding: gzip, deflate, sdch\r\n"
write "Accept-Language: en-US,en;q=0.8\r\n"
write "\r\n"

read "HTTP/1.1 200 OK\r\n"
read "Content-Type: text/html;charset=UTF-8\r\n"
read /Date: .*/ "\r\n"
read "Server: Apache-Coyote/1.1\r\n"
read "Transfer-Encoding: chunked\r\n"
read "\r\n"
read "14\r\n"
read "<html>Helloo2</html>\r\n"
read "0\r\n"
read "\r\n"

read notify CLIENT_THIRD_REQUEST
write await CLIENT_THIRD_REQUEST

write "GET / HTTP/1.1\r\n"
write "Host: localhost:8110\r\n"
write "Connection: close\r\n"
write "Cache-Control: max-age=0\r\n"
write "Accept: text/html,application/xhtml+xml,application/xml;q=0.9,image/webp,*/*;q=0.8\r\n"
write "User-Agent: Mozilla/5.0 (Macintosh; Intel Mac OS X 10_10_2) AppleWebKit/537.36 (KHTML, like Gecko) Chrome/40.0.2214.94 Safari/537.36\r\n"
write "Accept-Encoding: gzip, deflate, sdch\r\n"
write "Accept-Language: en-US,en;q=0.8\r\n"
write "\r\n"

read "HTTP/1.1 200 OK\r\n"
read "Content-Type: text/html;charset=UTF-8\r\n"
read /Date: .*/ "\r\n"
read "Server: Apache-Coyote/1.1\r\n"
read "Transfer-Encoding: chunked\r\n"
read "\r\n"
read "14\r\n"
read "<html>Helloo3</html>\r\n"
read "0\r\n"
read "\r\n"

close
closed

#
# server
#

accept tcp://localhost:8080
accepted
connected

read "GET / HTTP/1.1\r\n"
read /Via: 1.1 kaazing-.+/ "\r\n"
read "User-Agent: Mozilla/5.0 (Macintosh; Intel Mac OS X 10_10_2) AppleWebKit/537.36 (KHTML, like Gecko) Chrome/40.0.2214.94 Safari/537.36\r\n"
read "Host: localhost:8080\r\n"
read "Cache-Control: max-age=0\r\n"
read "Accept-Language: en-US\r\n"
read "Accept-Language: en;q=0.8\r\n"
read "Accept-Encoding: gzip\r\n"
read "Accept-Encoding: deflate\r\n"
read "Accept-Encoding: sdch\r\n"
read "Accept: text/html\r\n"
read "Accept: application/xhtml+xml\r\n"
read "Accept: application/xml;q=0.9\r\n"
read "Accept: image/webp\r\n"
read "Accept: */*;q=0.8\r\n"
read "\r\n"

write "HTTP/1.1 200 OK\r\n"
write "Server: Apache-Coyote/1.1\r\n"
write "Content-Type: text/html;charset=UTF-8\r\n"
write "Transfer-Encoding: chunked\r\n"
write "Date: Tue, 10 Feb 2015 02:17:15 GMT\r\n"
write "\r\n"
write "14\r\n"
write "<html>Helloo1</html>\r\n"
write "0\r\n"
write "\r\n"

read "GET / HTTP/1.1\r\n"
read /Via: 1.1 kaazing-.+/ "\r\n"
read "User-Agent: Mozilla/5.0 (Macintosh; Intel Mac OS X 10_10_2) AppleWebKit/537.36 (KHTML, like Gecko) Chrome/40.0.2214.94 Safari/537.36\r\n"
read "Host: localhost:8080\r\n"
read "Cache-Control: max-age=0\r\n"
read "Accept-Language: en-US\r\n"
read "Accept-Language: en;q=0.8\r\n"
read "Accept-Encoding: gzip\r\n"
read "Accept-Encoding: deflate\r\n"
read "Accept-Encoding: sdch\r\n"
read "Accept: text/html\r\n"
read "Accept: application/xhtml+xml\r\n"
read "Accept: application/xml;q=0.9\r\n"
read "Accept: image/webp\r\n"
read "Accept: */*;q=0.8\r\n"
read "\r\n"

write "HTTP/1.1 200 OK\r\n"
write "Server: Apache-Coyote/1.1\r\n"
write "Content-Type: text/html;charset=UTF-8\r\n"
write "Transfer-Encoding: chunked\r\n"
write "Date: Tue, 10 Feb 2015 02:17:15 GMT\r\n"
write "\r\n"
write "14\r\n"
write "<html>Helloo2</html>\r\n"
write "0\r\n"
write "\r\n"

read "GET / HTTP/1.1\r\n"
read /Via: 1.1 kaazing-.+/ "\r\n"
read "User-Agent: Mozilla/5.0 (Macintosh; Intel Mac OS X 10_10_2) AppleWebKit/537.36 (KHTML, like Gecko) Chrome/40.0.2214.94 Safari/537.36\r\n"
read "Host: localhost:8080\r\n"
read "Cache-Control: max-age=0\r\n"
read "Accept-Language: en-US\r\n"
read "Accept-Language: en;q=0.8\r\n"
read "Accept-Encoding: gzip\r\n"
read "Accept-Encoding: deflate\r\n"
read "Accept-Encoding: sdch\r\n"
read "Accept: text/html\r\n"
read "Accept: application/xhtml+xml\r\n"
read "Accept: application/xml;q=0.9\r\n"
read "Accept: image/webp\r\n"
read "Accept: */*;q=0.8\r\n"
read "\r\n"

write "HTTP/1.1 200 OK\r\n"
write "Server: Apache-Coyote/1.1\r\n"
write "Content-Type: text/html;charset=UTF-8\r\n"
write "Transfer-Encoding: chunked\r\n"
write "Date: Tue, 10 Feb 2015 02:17:15 GMT\r\n"
write "\r\n"
write "14\r\n"
write "<html>Helloo3</html>\r\n"
write "0\r\n"
write "\r\n"

closed
