#
# Copyright (c) 2007-2014, Kaazing Corporation. All rights reserved.
#

# curl 7.37.1 <---> Gateway <---> tomcat 8.0.1

connect tcp://localhost:8110
connected

write "GET /examples/jsp/error/err.jsp?name=audi HTTP/1.1\r\n"
write "User-Agent: curl/7.37.1\r\n"
write "Host: localhost:8110\r\n"
write "Accept: */*\r\n"
write "\r\n"

read "HTTP/1.1 500 Internal Server Error\r\n"
read "Content-Length: 25\r\n"
read "Content-Type: text/html;charset=ISO-8859-1\r\n"
read /Date: .*/ "\r\n"
read "Server: Apache-Coyote/1.1\r\n"
read "Set-Cookie: JSESSIONID=E314BE3736E6A09B5FA0CFC0DDD32549; Path=/examples/; HttpOnly\r\n"
read "\r\n"
read "<html>Wrong Choice</html>"

close
closed

#
# tomcat server
#

accept tcp://localhost:8080
accepted
connected

read "GET /examples/jsp/error/err.jsp?name=audi HTTP/1.1\r\n"
read "Via: 1.1 kaazing\r\n"
read "User-Agent: curl/7.37.1\r\n"
read "Host: localhost:8110\r\n"
read "Connection: close\r\n"
read "Accept: */*\r\n"
read "\r\n"

write "HTTP/1.1 500 Internal Server Error\r\n"
write "Server: Apache-Coyote/1.1\r\n"
write "Set-Cookie: JSESSIONID=E314BE3736E6A09B5FA0CFC0DDD32549; Path=/examples/; HttpOnly\r\n"
write "Content-Type: text/html;charset=ISO-8859-1\r\n"
write "Content-Length: 25\r\n"
write "Date: Thu, 19 Feb 2015 20:05:45 GMT\r\n"
write "Connection: close\r\n"
write "\r\n"
write "<html>Wrong Choice</html>"

# gateway(sender) closes the connection
closed
