#
# Copyright 2007-2016, Kaazing Corporation. All rights reserved.
#
# Licensed under the Apache License, Version 2.0 (the "License");
# you may not use this file except in compliance with the License.
# You may obtain a copy of the License at
#
# http://www.apache.org/licenses/LICENSE-2.0
#
# Unless required by applicable law or agreed to in writing, software
# distributed under the License is distributed on an "AS IS" BASIS,
# WITHOUT WARRANTIES OR CONDITIONS OF ANY KIND, either express or implied.
# See the License for the specific language governing permissions and
# limitations under the License.
#

## This test came from converting rtest project (http://svn.kaazing.wan/gateway.server.rtests/) to robot test.
## This test might represent 3.6.x.y client behavior since the origin of rtests project was 3.6.x.y code line.

connect tcp://127.0.0.1:8003
connected

# Connection request -emulated
write "POST /echo8003/;e/cb HTTP/1.1\r\n"
write "Host: localhost:8003\r\n"
write "Connection: keep-alive\r\n"
write "Content-Length: 3\r\n"
write "Origin: http://localhost:8001\r\n"
write "x-origin: http://localhost:8001\r\n"
write "x-websocket-version: wseb-1.0\r\n"
write "User-Agent: Mozilla/5.0 (Macintosh; Intel Mac OS X 10_6_8) AppleWebKit/535.19 (KHTML, like Gecko) Chrome/18.0.1025.151 Safari/535.19\r\n"
write "content-type: text/plain\r\n"
write "x-http-version: httpe-1.0\r\n"
write "Accept: */*\r\n"
write "Referer: http://localhost:8001/demo/core/flash/core.swf?showPanel=wsPanel\r\n"
write "Accept-Encoding: gzip,deflate,sdch\r\n"
write "Accept-Language: en-US,en;q=0.8\r\n"
write "Accept-Charset: ISO-8859-1,utf-8;q=0.7,*;q=0.3\r\n"
write "\r\n"
write [0x3E 0x7C 0x3C]

# 201 created Response -upstream, downstream 
read "HTTP/1.1 200 OK\r\n"
read "Access-Control-Allow-Credentials: true\r\n"
read "Access-Control-Allow-Headers: content-type\r\n"
read "Access-Control-Allow-Headers: authorization\r\n"
read "Access-Control-Allow-Headers: x-websocket-extensions\r\n"
read "Access-Control-Allow-Headers: x-websocket-version\r\n"
read "Access-Control-Allow-Headers: x-websocket-protocol\r\n"
read "Access-Control-Allow-Origin: http://localhost:8001\r\n"
read "Cache-Control: no-cache\r\n"
read /Content-Length: .*/"\r\n"
read "Content-Type: text/plain;charset=UTF-8\r\n"
read /Date: .*/ "\r\n"
read "Server: Kaazing Gateway\r\n"
read "\r\n"

read "HTTP/1.1 201 Created\r\n"
read "Content-Type: text/plain;charset=UTF-8\r\n"
read "\r\n"

#read /http:\/\/localhost:8003\/echo8003\/;e\/ub\/.*/ "?.ks=200"
read "http://localhost:8003/echo8003/;e/ub/"
read [(:token){32}]
read "\n"
read "http://localhost:8003/echo8003/;e/db/"
read [(:token){32}]
read "\n"

close
closed
